[advanture.icu/dizoil/index.html]
[advanture.icu/dizoil/xmlrpc.php]
[backblue.gif]
[fade.gif]
[index.html]
[advanture.icu/dizoil/wp-content/plugins/jeg-elementor-kit/assets/css/elements/mainc141.css]
[advanture.icu/dizoil/feed/index.html]
[advanture.icu/dizoil/comments/feed/index.html]
[advanture.icu/dizoil/wp-includes/css/classic-themes.min3781.css]
[advanture.icu/dizoil/wp-includes/css/dist/block-library/style.min3781.css]
[advanture.icu/dizoil/wp-content/plugins/template-kit-export/public/assets/css/template-kit-export-public.min365c.css]
[advanture.icu/dizoil/wp-content/plugins/header-footer-elementor/assets/css/header-footer-elementord2ac.css]
[advanture.icu/dizoil/wp-content/plugins/elementor/assets/lib/eicons/css/elementor-icons.minfc13.css]
[advanture.icu/dizoil/wp-content/plugins/elementor/assets/css/frontend-lite.min2e9d.css]
[advanture.icu/dizoil/wp-content/plugins/elementor/assets/lib/swiper/v8/css/swiper.min94a4.css]
[advanture.icu/dizoil/wp-content/uploads/sites/13/elementor/css/post-1095891.css]
[advanture.icu/dizoil/wp-content/plugins/header-footer-elementor/inc/widgets-css/frontendd2ac.css]
[advanture.icu/dizoil/wp-content/uploads/sites/13/elementor/css/post-84d975.css]
[advanture.icu/dizoil/wp-content/plugins/elementor/assets/lib/font-awesome/css/v4-shims.min2e9d.css]
[advanture.icu/dizoil/wp-content/plugins/elementor/assets/lib/font-awesome/css/all.min2e9d.css]
[advanture.icu/dizoil/wp-content/uploads/sites/13/elementor/css/post-381d975.css]
[advanture.icu/dizoil/wp-content/uploads/sites/13/elementor/css/post-513d975.css]
[advanture.icu/dizoil/wp-content/themes/hello-elementor/style.min653d.css]
[advanture.icu/dizoil/wp-content/themes/hello-elementor/theme.min653d.css]
[advanture.icu/dizoil/wp-content/plugins/elementskit-lite/modules/elementskit-icon-pack/assets/css/ekiticons292d.css]
[advanture.icu/dizoil/wp-content/plugins/elementskit-lite/widgets/init/assets/css/responsive292d.css]
[advanture.icu/dizoil/wp-content/plugins/elementor/assets/lib/font-awesome/css/solid.min52d5.css]
[advanture.icu/dizoil/wp-content/plugins/elementor/assets/lib/font-awesome/css/fontawesome.min52d5.css]
[advanture.icu/dizoil/wp-content/plugins/jeg-elementor-kit/assets/fonts/jkiticon/jkiticonc141.css]
[advanture.icu/dizoil/wp-content/plugins/elementor/assets/lib/font-awesome/css/brands.min52d5.css]
[advanture.icu/dizoil/wp-content/plugins/elementskit-lite/widgets/init/assets/css/widget-styles292d.css]
[advanture.icu/dizoil/wp-includes/js/jquery/jquery-migrate.min6b00.js]
[advanture.icu/dizoil/wp-content/plugins/template-kit-export/public/assets/js/template-kit-export-public.min365c.js]
[advanture.icu/dizoil/wp-includes/js/jquery/jquery.min5aed.js]
[advanture.icu/dizoil/wp-content/plugins/elementor/assets/lib/font-awesome/js/v4-shims.min2e9d.js]
[advanture.icu/dizoil/wp-json/index.html]
[advanture.icu/dizoil/xmlrpc0db0.php]
[advanture.icu/dizoil/wp-includes/wlwmanifest.xml]
[advanture.icu/dizoil/wp-json/wp/v2/pages/84.json]
[advanture.icu/dizoil/wp-json/oembed/1.0/embed9d68.json]
[advanture.icu/dizoil/wp-json/oembed/1.0/embed2fe0]
[advanture.icu/dizoil/wp-content/plugins/elementor/assets/css/widget-icon-list.min.css]
[advanture.icu/dizoil/wp-content/uploads/sites/13/2023/03/siteLOGO1-300x82.png]
[advanture.icu/dizoil/wp-content/uploads/sites/13/2023/03/siteLOGO1.png]
[advanture.icu/dizoil/about/index.html]
[advanture.icu/dizoil/service/index.html]
[advanture.icu/dizoil/team/index.html]
[advanture.icu/dizoil/wp-content/plugins/elementor/assets/css/widget-icon-box.min.css]
[advanture.icu/dizoil/service-details/index.html]
[advanture.icu/dizoil/wp-content/uploads/sites/13/2023/03/top-view-of-oil-tank-2022-12-15-19-46-39-utc-1.jpg]
[advanture.icu/dizoil/projects/index.html]
[advanture.icu/dizoil/404-2/index.html]
[advanture.icu/dizoil/career/index.html]
[advanture.icu/dizoil/wp-content/uploads/sites/13/2023/03/confident-businessman-at-construction-site-2021-09-24-04-10-45-utc-2-150x150.jpg]
[advanture.icu/dizoil/blog/index.html]
[advanture.icu/dizoil/wp-content/uploads/sites/13/2023/03/crude-oil-storage-tank-terminal-port-oil-terminal-2023-01-24-13-09-14-utc-1.jpg]
[advanture.icu/dizoil/faq/index.html]
[advanture.icu/dizoil/2023/03/09/oil-and-innovation-how-research-and-development-are-driving-the-industry-forward/index.html]
[advanture.icu/dizoil/wp-content/uploads/sites/13/2023/03/bearded-smiling-system-administrator-is-working-wi-2022-01-18-23-57-33-utc-173.jpg]
[advanture.icu/dizoil/contact/index.html]
[advanture.icu/dizoil/wp-content/uploads/sites/13/2023/03/discussing-manufacturing-issues-2021-09-24-03-35-13-utc-1.jpg]
[advanture.icu/dizoil/wp-content/uploads/sites/13/2023/03/logoipsum-logo-5.png]
[advanture.icu/dizoil/wp-content/uploads/sites/13/2023/03/logoipsum-216-1.png]
[advanture.icu/dizoil/wp-content/uploads/sites/13/2023/03/logoipsum-logo-2.png]
[advanture.icu/dizoil/wp-content/uploads/sites/13/2023/03/logoipsum-logo-8-300x64.png]
[advanture.icu/dizoil/wp-content/uploads/sites/13/2023/03/logoipsum-logo-10.png]
[advanture.icu/dizoil/wp-content/uploads/sites/13/2023/03/logoipsum-logo-29.png]
[advanture.icu/dizoil/wp-content/uploads/sites/13/2023/03/BG-Worldmap-1024x627.png]
[advanture.icu/dizoil/wp-content/uploads/sites/13/2023/03/confident-businessman-at-construction-site-2021-09-24-04-10-45-utc-3-768x1024.png]
[advanture.icu/dizoil/wp-content/uploads/sites/13/2023/03/TeamMember01.jpg]
[advanture.icu/dizoil/wp-content/uploads/sites/13/2023/03/top-view-of-oil-tank-2022-12-15-19-46-39-utc-1-1024x683.jpg]
[advanture.icu/dizoil/wp-content/uploads/sites/13/2023/03/crude-oil-storage-tank-terminal-port-oil-terminal-2023-01-24-13-09-14-utc-1-1024x575.jpg]
[advanture.icu/dizoil/wp-content/uploads/sites/13/2023/03/oil-refinery-plant-from-industry-zone-oil-and-gas-2023-01-24-13-16-09-utc-1-1024x683.jpg]
[advanture.icu/dizoil/wp-content/uploads/sites/13/2023/03/happy-businessman-in-glasses-holding-clipboard-in-2022-11-02-02-39-05-utc-173.jpg]
[advanture.icu/dizoil/wp-content/uploads/sites/13/2023/03/Blog05-768x576.jpg]
[advanture.icu/dizoil/wp-content/uploads/sites/13/2023/03/Blog04-768x576.jpg]
[advanture.icu/dizoil/category/oil-harvest/index.html]
[advanture.icu/dizoil/2023/03/09/navigating-the-geopolitics-of-oil-understanding-global-markets-and-political-influences/index.html]
[advanture.icu/dizoil/wp-content/plugins/jeg-elementor-kit/assets/js/sweetalert2/sweetalert2.min430c.css]
[advanture.icu/dizoil/wp-content/plugins/jeg-elementor-kit/assets/js/tiny-slider/tiny-sliderf342.css]
[advanture.icu/dizoil/category/industry/index.html]
[advanture.icu/dizoil/wp-content/plugins/elementor/assets/lib/animations/animations.min2e9d.css]
[advanture.icu/dizoil/wp-content/themes/hello-elementor/assets/js/hello-frontend.min8a54.js]
[advanture.icu/dizoil/wp-content/plugins/elementskit-lite/libs/framework/assets/js/frontend-script292d.js]
[advanture.icu/dizoil/wp-content/plugins/elementor/assets/js/webpack.runtime.min2e9d.js]
[advanture.icu/dizoil/wp-content/plugins/elementor/assets/js/frontend-modules.min2e9d.js]
[advanture.icu/dizoil/wp-content/plugins/elementskit-lite/widgets/init/assets/js/widget-scripts292d.js]
[advanture.icu/dizoil/wp-content/plugins/elementor/assets/lib/waypoints/waypoints.min05da.js]
[advanture.icu/dizoil/wp-includes/js/jquery/ui/core.min3f14.js]
[advanture.icu/dizoil/wp-content/plugins/elementor/assets/js/frontend.min2e9d.js]
[advanture.icu/dizoil/wp-content/plugins/jeg-elementor-kit/assets/js/elements/sticky-elementc141.js]
[advanture.icu/dizoil/indexe2f2.html]
[advanture.icu/dizoil/wp-content/plugins/jeg-elementor-kit/assets/js/elements/nav-menuc141.js]
[advanture.icu/dizoil/wp-content/plugins/elementor/assets/lib/jquery-numerator/jquery-numerator.min3958.js]
[advanture.icu/dizoil/wp-content/plugins/jeg-elementor-kit/assets/js/elements/video-buttonc141.js]
[advanture.icu/dizoil/wp-content/plugins/jeg-elementor-kit/assets/js/elements/client-logoc141.js]
[advanture.icu/dizoil/wp-content/plugins/jeg-elementor-kit/assets/js/sweetalert2/sweetalert2.min430c.js]
[advanture.icu/dizoil/wp-content/plugins/jeg-elementor-kit/assets/js/tiny-slider/tiny-sliderf342.js]
[advanture.icu/dizoil/wp-content/plugins/jeg-elementor-kit/assets/js/elements/post-paginationc141.js]
[advanture.icu/dizoil/wp-content/plugins/elementskit-lite/widgets/init/assets/js/animate-circle292d.js]
[advanture.icu/dizoil/index.html]
[advanture.icu/dizoil/xmlrpc.php]
[advanture.icu/dizoil/wp-content/plugins/elementskit-lite/widgets/init/assets/js/elementor292d.js]
[advanture.icu/dizoil/wp-content/plugins/jeg-elementor-kit/assets/img/letter-x.svg]
[advanture.icu/dizoil/wp-content/plugins/jeg-elementor-kit/assets/css/elements/mainc141.css]
[advanture.icu/dizoil/wp-includes/css/dist/block-library/style.min3781.css]
[advanture.icu/dizoil/wp-includes/css/classic-themes.min3781.css]
[advanture.icu/dizoil/wp-content/plugins/template-kit-export/public/assets/css/template-kit-export-public.min365c.css]
[advanture.icu/dizoil/wp-content/plugins/header-footer-elementor/assets/css/header-footer-elementord2ac.css]
[advanture.icu/dizoil/wp-content/plugins/elementor/assets/lib/eicons/fonts/eiconsb732.woff2]
[advanture.icu/dizoil/wp-content/plugins/elementor/assets/lib/eicons/fonts/eiconsb732.woff]
[advanture.icu/dizoil/wp-content/plugins/elementor/assets/lib/eicons/css/elementor-icons.minfc13.css]
[advanture.icu/dizoil/wp-content/plugins/elementor/assets/css/frontend-lite.min2e9d.css]
[advanture.icu/dizoil/wp-content/plugins/elementor/assets/lib/swiper/v8/css/swiper.min94a4.css]
[advanture.icu/dizoil/wp-content/uploads/sites/13/elementor/css/post-1095891.css]
[advanture.icu/dizoil/wp-content/plugins/elementor/assets/lib/eicons/fonts/eiconsb732.svg]
[advanture.icu/dizoil/wp-content/plugins/elementor/assets/lib/eicons/fonts/eiconsb732.ttf]
[advanture.icu/dizoil/wp-content/plugins/elementor/assets/lib/eicons/fonts/eiconsb732.eot]
[advanture.icu/dizoil/wp-content/uploads/sites/13/2023/03/Asset-2-100-1-e1660896849159.png]
[advanture.icu/dizoil/wp-content/uploads/sites/13/2023/03/BG-Worldmap.png]
[advanture.icu/dizoil/wp-content/uploads/sites/13/2023/03/oil-refineries-2022-12-15-19-35-23-utc-1.jpg]
[advanture.icu/dizoil/wp-content/uploads/sites/13/2023/03/oil-platform-in-sea-evening-sky-2022-10-18-20-16-14-utc-1.jpg]
[advanture.icu/dizoil/wp-content/uploads/sites/13/2023/03/petrochemical-storage-tank-with-oil-refinery-backg-2023-01-24-13-08-07-utc-1.jpg]
[advanture.icu/dizoil/wp-content/uploads/sites/13/elementor/css/post-84d975.css]
[advanture.icu/dizoil/wp-content/plugins/header-footer-elementor/inc/widgets-css/frontendd2ac.css]
[advanture.icu/dizoil/wp-content/plugins/elementor/assets/lib/font-awesome/webfonts/fa-brands-400.eot]
[advanture.icu/dizoil/wp-content/plugins/elementor/assets/lib/font-awesome/webfonts/fa-brands-400.woff2]
[advanture.icu/dizoil/wp-content/plugins/elementor/assets/lib/font-awesome/webfonts/fa-brands-400.woff]
[advanture.icu/dizoil/wp-content/plugins/elementor/assets/lib/font-awesome/webfonts/fa-brands-400d41d.eot]
[advanture.icu/dizoil/wp-content/plugins/elementor/assets/lib/font-awesome/webfonts/fa-brands-400.ttf]
[advanture.icu/dizoil/wp-content/plugins/elementor/assets/lib/font-awesome/webfonts/fa-regular-400.eot]
[advanture.icu/dizoil/wp-content/plugins/elementor/assets/lib/font-awesome/webfonts/fa-regular-400.woff2]
[advanture.icu/dizoil/wp-content/plugins/elementor/assets/lib/font-awesome/webfonts/fa-regular-400d41d.eot]
[advanture.icu/dizoil/wp-content/plugins/elementor/assets/lib/font-awesome/webfonts/fa-regular-400.woff]
[advanture.icu/dizoil/wp-content/plugins/elementor/assets/lib/font-awesome/webfonts/fa-regular-400.ttf]
[advanture.icu/dizoil/wp-content/plugins/elementor/assets/lib/font-awesome/webfonts/fa-regular-400.svg]
[advanture.icu/dizoil/wp-content/plugins/elementor/assets/lib/font-awesome/webfonts/fa-solid-900.woff2]
[advanture.icu/dizoil/wp-content/plugins/elementor/assets/lib/font-awesome/webfonts/fa-solid-900.eot]
[advanture.icu/dizoil/wp-content/plugins/elementor/assets/lib/font-awesome/webfonts/fa-solid-900.woff]
[advanture.icu/dizoil/wp-content/plugins/elementor/assets/lib/font-awesome/webfonts/fa-brands-400.svg]
[advanture.icu/dizoil/wp-content/plugins/elementor/assets/lib/font-awesome/webfonts/fa-solid-900d41d.eot]
[advanture.icu/dizoil/wp-content/plugins/elementor/assets/lib/font-awesome/css/all.min2e9d.css]
[advanture.icu/dizoil/wp-content/plugins/elementor/assets/lib/font-awesome/css/v4-shims.min2e9d.css]
[advanture.icu/dizoil/wp-content/uploads/sites/13/elementor/css/post-381d975.css]
[advanture.icu/dizoil/wp-content/uploads/sites/13/elementor/css/post-513d975.css]
[advanture.icu/dizoil/wp-content/themes/hello-elementor/style.min653d.css]
[advanture.icu/dizoil/wp-content/themes/hello-elementor/theme.min653d.css]
[advanture.icu/dizoil/wp-content/plugins/elementskit-lite/modules/elementskit-icon-pack/assets/fonts/elementskit97ac.woff]
[advanture.icu/dizoil/wp-content/plugins/elementskit-lite/modules/elementskit-icon-pack/assets/css/ekiticons292d.css]
[advanture.icu/dizoil/wp-content/plugins/elementor/assets/lib/font-awesome/webfonts/fa-solid-900.ttf]
[advanture.icu/dizoil/wp-content/plugins/elementskit-lite/widgets/init/assets/img/arrow.png]
[advanture.icu/dizoil/wp-content/plugins/elementskit-lite/widgets/init/assets/img/sort_asc.png]
[advanture.icu/dizoil/wp-content/plugins/elementskit-lite/widgets/init/assets/img/sort_desc.png]
[advanture.icu/dizoil/wp-content/plugins/elementskit-lite/widgets/init/assets/img/sort_asc_disabled.png]
[advanture.icu/dizoil/wp-content/plugins/elementskit-lite/widgets/init/assets/img/cross-out.svg]
[advanture.icu/dizoil/wp-content/plugins/elementskit-lite/widgets/init/assets/css/widget-styles292d.css]
[advanture.icu/dizoil/wp-content/plugins/elementskit-lite/widgets/init/assets/css/responsive292d.css]
[advanture.icu/dizoil/wp-content/plugins/elementor/assets/lib/font-awesome/css/fontawesome.min52d5.css]
[advanture.icu/dizoil/wp-content/plugins/elementor/assets/lib/font-awesome/css/solid.min52d5.css]
[advanture.icu/dizoil/wp-content/plugins/jeg-elementor-kit/assets/fonts/jkiticon/jkiticon7107.woff2]
[advanture.icu/dizoil/wp-content/plugins/elementor/assets/lib/font-awesome/webfonts/fa-solid-900.svg]
[advanture.icu/dizoil/wp-content/plugins/jeg-elementor-kit/assets/fonts/jkiticon/jkiticon7107.woff]
[advanture.icu/dizoil/wp-content/plugins/jeg-elementor-kit/assets/fonts/jkiticon/jkiticonc141.css]
[advanture.icu/dizoil/wp-content/plugins/elementor/assets/lib/font-awesome/css/brands.min52d5.css]
[advanture.icu/dizoil/wp-content/plugins/elementor/assets/css/widget-icon-list.min.css]
[advanture.icu/dizoil/wp-content/uploads/sites/13/elementor/css/post-85a13f.css]
[advanture.icu/dizoil/wp-json/wp/v2/pages/85.json]
[advanture.icu/dizoil/wp-json/oembed/1.0/embed3597.json]
[advanture.icu/dizoil/wp-json/oembed/1.0/embed2773]
[advanture.icu/dizoil/about/index.html]
[advanture.icu/dizoil/wp-content/uploads/sites/13/elementor/css/post-862f4f.css]
[advanture.icu/dizoil/wp-content/plugins/jeg-elementor-kit/assets/fonts/jkiticon/jkiticon7107.ttf]
[advanture.icu/dizoil/wp-json/wp/v2/pages/86.json]
[advanture.icu/dizoil/wp-json/oembed/1.0/embed22ea.json]
[advanture.icu/dizoil/service/index.html]
[advanture.icu/dizoil/wp-json/oembed/1.0/embedc64f]
[advanture.icu/dizoil/wp-content/uploads/sites/13/elementor/css/post-875ea5.css]
[advanture.icu/dizoil/wp-json/wp/v2/pages/87.json]
[advanture.icu/dizoil/wp-json/oembed/1.0/embedbb77.json]
[advanture.icu/dizoil/wp-json/oembed/1.0/embedffcc]
[advanture.icu/dizoil/service-details/index.html]
[advanture.icu/dizoil/wp-content/uploads/sites/13/elementor/css/post-88ff49.css]
[advanture.icu/dizoil/wp-json/oembed/1.0/embed83ba.json]
[advanture.icu/dizoil/wp-json/oembed/1.0/embedda82]
[advanture.icu/dizoil/wp-json/wp/v2/pages/88.json]
[advanture.icu/dizoil/wp-content/uploads/sites/13/2023/03/confident-businessman-at-construction-site-2021-09-24-04-10-45-utc-2-768x1023.jpg]
[advanture.icu/dizoil/wp-content/uploads/sites/13/2023/03/TeamMember01-768x993.jpg]
[advanture.icu/dizoil/wp-content/uploads/sites/13/2023/03/TeamMember03-768x898.jpg]
[advanture.icu/dizoil/wp-content/uploads/sites/13/2023/03/TeamMember02-768x1023.jpg]
[advanture.icu/dizoil/wp-content/uploads/sites/13/2023/03/bearded-smiling-system-administrator-is-working-wi-2022-01-18-23-57-33-utc-173-768x960.jpg]
[advanture.icu/dizoil/wp-content/uploads/sites/13/2023/03/happy-businessman-in-glasses-holding-clipboard-in-2022-11-02-02-39-05-utc-173-768x960.jpg]
[advanture.icu/dizoil/wp-content/uploads/sites/13/2023/03/beautiful-businesswoman-writing-while-holding-clip-2022-11-02-03-54-10-utc-173-768x960.jpg]
[advanture.icu/dizoil/team/index.html]
[advanture.icu/dizoil/wp-content/uploads/sites/13/elementor/css/post-217d7d.css]
[advanture.icu/dizoil/wp-json/wp/v2/pages/21.json]
[advanture.icu/dizoil/wp-json/oembed/1.0/embedec48.json]
[advanture.icu/dizoil/wp-json/oembed/1.0/embedf7cb]
[advanture.icu/dizoil/wp-content/uploads/sites/13/2023/03/Blog04-1024x768.jpg]
[advanture.icu/dizoil/wp-content/uploads/sites/13/2023/03/Blog06-1024x768.jpg]
[advanture.icu/dizoil/wp-content/uploads/sites/13/2023/03/Blog02-1024x768.jpg]
[advanture.icu/dizoil/projects/index.html]
[advanture.icu/dizoil/wp-content/uploads/sites/13/elementor/css/post-301a08.css]
[advanture.icu/dizoil/wp-json/wp/v2/pages/30.json]
[advanture.icu/dizoil/wp-json/oembed/1.0/embed80eb.json]
[advanture.icu/dizoil/wp-content/plugins/jeg-elementor-kit/assets/fonts/jkiticon/jkiticon7107.eot]
[advanture.icu/dizoil/wp-json/oembed/1.0/embed7e20]
[advanture.icu/dizoil/404-2/index.html]
[advanture.icu/dizoil/wp-content/uploads/sites/13/elementor/css/post-904abf.css]
[advanture.icu/dizoil/wp-json/oembed/1.0/embed822e.json]
[advanture.icu/dizoil/wp-json/wp/v2/pages/90.json]
[advanture.icu/dizoil/wp-json/oembed/1.0/embede366]
[advanture.icu/dizoil/wp-content/plugins/jeg-elementor-kit/assets/fonts/jkiticon/jkiticon7107.svg]
[advanture.icu/dizoil/wp-content/uploads/sites/13/2023/03/discussing-manufacturing-issues-2021-09-24-03-35-13-utc-1-1024x683.jpg]
[advanture.icu/dizoil/wp-content/uploads/sites/13/2023/03/worker-using-equipment-in-crane-manufacturing-faci-2022-03-07-23-59-15-utc-1.jpg]
[advanture.icu/dizoil/wp-content/uploads/sites/13/elementor/css/post-598a757.css]
[advanture.icu/dizoil/wp-content/plugins/metform/public/assets/css/metform-uid617.css]
[advanture.icu/dizoil/wp-content/plugins/metform/public/assets/css/styled617.css]
[advanture.icu/dizoil/wp-content/plugins/metform/public/assets/js/htmd617.js]
[advanture.icu/dizoil/wp-includes/js/dist/vendor/wp-polyfill-inert.min0226.js]
[advanture.icu/dizoil/wp-includes/js/dist/vendor/regenerator-runtime.min8fa4.js]
[advanture.icu/dizoil/wp-includes/js/dist/vendor/wp-polyfill.min2c7c.js]
[advanture.icu/dizoil/wp-includes/js/dist/vendor/react.min7a3b.js]
[advanture.icu/dizoil/wp-includes/js/dist/escape-html.min0311.js]
[advanture.icu/dizoil/wp-includes/js/dist/element.mind52e.js]
[advanture.icu/dizoil/career/index.html]
[advanture.icu/dizoil/wp-content/uploads/sites/13/elementor/css/post-28295e.css]
[advanture.icu/dizoil/wp-includes/js/dist/vendor/react-dom.min7a3b.js]
[advanture.icu/dizoil/wp-json/wp/v2/pages/28.json]
[advanture.icu/dizoil/wp-json/oembed/1.0/embed5ede.json]
[advanture.icu/dizoil/wp-json/oembed/1.0/embed0156]
[advanture.icu/dizoil/wp-content/uploads/sites/13/2023/03/Blog03-768x576.jpg]
[advanture.icu/dizoil/wp-content/plugins/metform/public/assets/js/appd617.js]
[advanture.icu/dizoil/wp-content/uploads/sites/13/2023/03/Blog02-768x576.jpg]
[advanture.icu/dizoil/blog/index.html]
[advanture.icu/dizoil/2023/03/09/the-role-of-oil-in-a-rapidly-evolving-energy-landscape/index.html]
[advanture.icu/dizoil/wp-content/uploads/sites/13/elementor/css/post-3231b94.css]
[advanture.icu/dizoil/2023/03/09/sustainability-in-oil-production-balancing-environmental-and-economic-needs/index.html]
[advanture.icu/dizoil/2023/03/09/oil-and-innovation-how-research-and-development-are-driving-the-industry-forward/feed/index.html]
[advanture.icu/dizoil/wp-json/wp/v2/posts/323.json]
[advanture.icu/dizoil/wp-json/oembed/1.0/embedb5d5.json]
[advanture.icu/dizoil/wp-json/oembed/1.0/embedb34e]
[advanture.icu/dizoil/wp-content/uploads/sites/13/2023/03/Blog05-1024x768.jpg]
[advanture.icu/dizoil/wp-content/uploads/sites/13/2023/03/Blog03.jpg]
[advanture.icu/dizoil/wp-content/uploads/sites/13/2023/03/Blog02.jpg]
[advanture.icu/dizoil/wp-includes/js/comment-reply.min3781.js]
[advanture.icu/dizoil/2023/03/09/oil-and-innovation-how-research-and-development-are-driving-the-industry-forward/index.html]
[advanture.icu/dizoil/wp-content/uploads/sites/13/elementor/css/post-32ecee.css]
[advanture.icu/dizoil/wp-content/plugins/elementor/assets/lib/font-awesome/css/regular.min52d5.css]
[advanture.icu/dizoil/wp-json/wp/v2/pages/32.json]
[advanture.icu/dizoil/wp-json/oembed/1.0/embed4e5b.json]
[advanture.icu/dizoil/wp-json/oembed/1.0/embedda56]
[advanture.icu/dizoil/faq/index.html]
[advanture.icu/dizoil/wp-content/uploads/sites/13/elementor/css/post-26a757.css]
[advanture.icu/dizoil/wp-json/oembed/1.0/embedfedc.json]
[advanture.icu/dizoil/wp-json/wp/v2/pages/26.json]
[advanture.icu/dizoil/contact/index.html]
[advanture.icu/dizoil/wp-content/plugins/elementor/assets/css/widget-icon-box.min.css]
[advanture.icu/dizoil/wp-json/oembed/1.0/embed24eb]
[advanture.icu/dizoil/wp-json/wp/v2/categories/7.json]
[advanture.icu/dizoil/category/oil-harvest/index.html]
[advanture.icu/dizoil/wp-json/wp/v2/posts/321.json]
[advanture.icu/dizoil/category/oil-harvest/feed/index.html]
[advanture.icu/dizoil/wp-json/oembed/1.0/embedd19f.json]
[advanture.icu/dizoil/2023/03/09/navigating-the-geopolitics-of-oil-understanding-global-markets-and-political-influences/feed/index.html]
[advanture.icu/dizoil/2023/03/09/navigating-the-geopolitics-of-oil-understanding-global-markets-and-political-influences/index.html]
[advanture.icu/dizoil/wp-json/oembed/1.0/embed6b48]
[advanture.icu/dizoil/wp-json/wp/v2/categories/6.json]
[advanture.icu/dizoil/wp-content/uploads/sites/13/2023/03/Blog03-1024x768.jpg]
[advanture.icu/dizoil/category/industry/feed/index.html]
[advanture.icu/dizoil/wp-content/uploads/sites/13/2023/03/Blog01-1-1024x768.jpg]
[advanture.icu/dizoil/category/industry/index.html]
[advanture.icu/dizoil/wp-content/plugins/jeg-elementor-kit/lib/jeg-framework/assets/css/jeg-dynamic-styles077c.css]
[advanture.icu/dizoil/wp-content/plugins/jeg-elementor-kit/assets/js/sweetalert2/sweetalert2.min430c.css]
[advanture.icu/dizoil/wp-content/plugins/jeg-elementor-kit/assets/js/tiny-slider/tiny-sliderf342.css]
[advanture.icu/dizoil/wp-content/plugins/elementor/assets/lib/animations/animations.min2e9d.css]
[advanture.icu/dizoil/indexe2f2.html]
[advanture.icu/dizoil/wp-content/plugins/jeg-elementor-kit/assets/img/letter-x.svg]
[advanture.icu/dizoil/wp-content/plugins/elementor/assets/lib/eicons/fonts/eiconsb732.svg]
[advanture.icu/dizoil/wp-content/plugins/elementor/assets/lib/font-awesome/webfonts/fa-brands-400.svg]
[advanture.icu/dizoil/wp-content/plugins/elementor/assets/lib/font-awesome/webfonts/fa-regular-400.svg]
[advanture.icu/dizoil/wp-content/plugins/elementor/assets/lib/font-awesome/webfonts/fa-solid-900.svg]
[advanture.icu/dizoil/wp-content/plugins/elementskit-lite/widgets/init/assets/img/cross-out.svg]
[advanture.icu/dizoil/2023/03/09/exploring-the-future-of-oil-how-technology-is-shaping-the-industry/index.html]
[advanture.icu/dizoil/wp-content/plugins/jeg-elementor-kit/assets/fonts/jkiticon/jkiticon7107.svg]
[advanture.icu/dizoil/wp-content/uploads/sites/13/elementor/css/post-85a13f.css]
[advanture.icu/dizoil/index648c.html]
[advanture.icu/dizoil/wp-content/uploads/sites/13/2023/03/high-angle-view-of-oil-transfer-between-coastal-oi-2022-03-07-23-56-36-utc-1.jpg]
[advanture.icu/dizoil/wp-content/uploads/sites/13/elementor/css/post-862f4f.css]
[advanture.icu/dizoil/index6213.html]
[advanture.icu/dizoil/wp-content/uploads/sites/13/2023/03/oil-refinery-plant-from-industry-zone-oil-and-gas-2023-01-24-13-16-09-utc-1.jpg]
[advanture.icu/dizoil/wp-content/uploads/sites/13/elementor/css/post-875ea5.css]
[advanture.icu/dizoil/index5d38.html]
[advanture.icu/dizoil/wp-content/uploads/sites/13/elementor/css/post-88ff49.css]
[advanture.icu/dizoil/index8ed7.html]
[advanture.icu/dizoil/wp-content/uploads/sites/13/elementor/css/post-217d7d.css]
[advanture.icu/dizoil/index3965.html]
[advanture.icu/dizoil/wp-content/uploads/sites/13/elementor/css/post-301a08.css]
[advanture.icu/dizoil/index5643.html]
[advanture.icu/dizoil/wp-content/uploads/sites/13/elementor/css/post-904abf.css]
[advanture.icu/dizoil/indexeffd.html]
[advanture.icu/dizoil/wp-content/uploads/sites/13/elementor/css/post-598a757.css]
[advanture.icu/dizoil/wp-content/plugins/metform/public/assets/css/metform-uid617.css]
[advanture.icu/dizoil/wp-content/plugins/metform/public/assets/css/styled617.css]
[advanture.icu/dizoil/wp-content/uploads/sites/13/elementor/css/post-28295e.css]
[advanture.icu/dizoil/index3c55.html]
[advanture.icu/dizoil/wp-json/wp/v2/posts/319.json]
[advanture.icu/dizoil/wp-json/oembed/1.0/embede2c4.json]
[advanture.icu/dizoil/2023/03/09/the-role-of-oil-in-a-rapidly-evolving-energy-landscape/feed/index.html]
[advanture.icu/dizoil/2023/03/09/the-role-of-oil-in-a-rapidly-evolving-energy-landscape/index.html]
[advanture.icu/dizoil/wp-json/oembed/1.0/embed8744]
[advanture.icu/dizoil/wp-json/wp/v2/posts/317.json]
[advanture.icu/dizoil/2023/03/09/sustainability-in-oil-production-balancing-environmental-and-economic-needs/feed/index.html]
[advanture.icu/dizoil/wp-json/oembed/1.0/embed38b7.json]
[advanture.icu/dizoil/2023/03/09/sustainability-in-oil-production-balancing-environmental-and-economic-needs/index.html]
[advanture.icu/dizoil/wp-content/uploads/sites/13/elementor/css/post-3231b94.css]
[advanture.icu/dizoil/index3cee.html]
[advanture.icu/dizoil/wp-json/oembed/1.0/embedb2e3]
[advanture.icu/dizoil/wp-content/uploads/sites/13/elementor/css/post-32ecee.css]
[advanture.icu/dizoil/wp-content/plugins/elementor/assets/lib/font-awesome/css/regular.min52d5.css]
[advanture.icu/dizoil/index6c46.html]
[advanture.icu/dizoil/wp-content/uploads/sites/13/2023/03/Blog04.jpg]
[advanture.icu/dizoil/wp-content/uploads/sites/13/elementor/css/post-26a757.css]
[advanture.icu/dizoil/index88b9.html]
[advanture.icu/dizoil/index8ee7.html]
[advanture.icu/dizoil/wp-json/wp/v2/posts/315.json]
[advanture.icu/dizoil/2023/03/09/exploring-the-future-of-oil-how-technology-is-shaping-the-industry/feed/index.html]
[advanture.icu/dizoil/wp-json/oembed/1.0/embeda357.json]
[advanture.icu/dizoil/2023/03/09/exploring-the-future-of-oil-how-technology-is-shaping-the-industry/index.html]
[advanture.icu/dizoil/wp-json/oembed/1.0/embeddac0]
[advanture.icu/dizoil/index63fb.html]
[advanture.icu/dizoil/index4ef8.html]
[advanture.icu/dizoil/index7d3e.html]
